K=10

Test Path: ../datasets/test_normal.txt; Filter: BloomFilterPolicy
FAULT: 0.0501744 0.116561 0.218971 0.32535 0.412826 0.478414 0.526181 0.560741 0.585805 0.603946 
TOTAL FAULT: 0.603946 %
TIME: 12.453350 13.156952 12.776411 11.747227 10.907249 10.519753 10.491654 10.402070 10.158734 10.179031 
TOTAL TIME: 112.792435 s.

Test Path: ../datasets/test_normal.txt; Filter: ShiftingBloomFilterPolicy
FAULT: 0.0208427 0.0877189 0.198049 0.309726 0.400243 0.467821 0.517022 0.552683 0.57862 0.597468 
TOTAL FAULT: 0.597468 %
TIME: 7.267720 7.474548 6.957137 6.317542 5.861423 5.656612 5.560432 5.541547 5.586621 5.514173 
TOTAL TIME: 61.737755 s.

Test Path: ../datasets/test_normal.txt; Filter: SpatialBloomFilterPolicy
FAULT: 0.0084226 0.0166854 0.0251601 0.0342685 0.0439226 0.0539316 0.0641078 0.0743501 0.0845913 0.0948014 
TOTAL FAULT: 0.094801 %
TIME: 15.517026 17.016041 17.581139 18.034737 18.532274 18.872499 19.079689 19.259996 19.472090 19.487074 
TOTAL TIME: 182.852570 s.

Test Path: ../datasets/test_uniform.txt; Filter: BloomFilterPolicy
FAULT: 0.0466888 0.0983427 0.168508 0.23723 0.290739 0.327679 0.351164 0.364769 0.371412 0.373114 
TOTAL FAULT: 0.373114 %
TIME: 11.665179 12.138787 11.726726 10.949106 10.328981 9.978875 9.794610 9.700789 9.628742 9.516160 
TOTAL TIME: 105.427963 s.

Test Path: ../datasets/test_uniform.txt; Filter: ShiftingBloomFilterPolicy
FAULT: 0.0186727 0.0704773 0.147958 0.22177 0.278287 0.31727 0.342193 0.356855 0.36434 0.366722 
TOTAL FAULT: 0.366722 %
TIME: 6.652459 6.900276 6.583858 6.226213 5.724319 5.579433 5.492511 5.393309 5.376001 5.380808 
TOTAL TIME: 59.309189 s.

Test Path: ../datasets/test_uniform.txt; Filter: SpatialBloomFilterPolicy
FAULT: 0.0084839 0.0179076 0.0297161 0.0448562 0.0627894 0.0825238 0.103184 0.124116 0.144846 0.165193 
TOTAL FAULT: 0.165193 %
TIME: 14.806804 16.115723 16.468330 16.990108 17.552555 17.646690 17.940037 18.093271 17.506777 17.578527 
TOTAL TIME: 170.698822 s.

Test Path: ../datasets/test_exp.txt; Filter: BloomFilterPolicy
FAULT: 0.0001741 0.0001174 9.12333e-05 7.68e-05 6.692e-05 5.96333e-05 5.38286e-05 4.93625e-05 4.56111e-05 4.263e-05 
TOTAL FAULT: 0.000043 %
TIME: 7.217769 7.136827 7.054571 7.049487 7.046354 7.046502 7.065167 7.067794 7.041849 7.048447 
TOTAL TIME: 70.774765 s.

Test Path: ../datasets/test_exp.txt; Filter: ShiftingBloomFilterPolicy
FAULT: 1.38e-05 1.205e-05 1.05333e-05 9.575e-06 8.8e-06 8.33333e-06 7.61429e-06 7.0625e-06 6.74444e-06 6.42e-06 
TOTAL FAULT: 0.000006 %
TIME: 3.787614 3.690950 3.690582 3.685672 3.687377 3.675326 3.681273 3.670426 3.699837 3.696262 
TOTAL TIME: 36.965321 s.

Test Path: ../datasets/test_exp.txt; Filter: SpatialBloomFilterPolicy
FAULT: 0.0035862 0.00423185 0.00461113 0.00487573 0.00508804 0.00526667 0.00542531 0.00557393 0.00570731 0.00582776 
TOTAL FAULT: 0.005828 %
TIME: 9.469579 9.462499 9.488126 9.477535 9.488874 9.485149 9.635351 9.506349 9.549648 9.584467 
TOTAL TIME: 95.147575 s.



选择均匀分布，K=2、4、6、8、10、12、14

K=2
Test Path: ../datasets/test_uniform.txt; Filter: BloomFilterPolicy
FAULT: 0.0486792 0.089305 0.122068 0.14775 0.167478 0.182219 0.192927 0.20034 0.20513 0.207822 
TOTAL FAULT: 0.207822 %
TIME: 3.632427 3.483879 3.437916 3.279355 3.151469 3.037445 2.964996 2.881494 2.833926 2.795453 
TOTAL TIME: 31.498360 s.

Test Path: ../datasets/test_uniform.txt; Filter: ShiftingBloomFilterPolicy
FAULT: 0.0161228 0.040139 0.0650049 0.0877742 0.107229 0.123261 0.135999 0.145791 0.153109 0.158312 
TOTAL FAULT: 0.158312 %
TIME: 3.632442 3.575933 3.525501 3.262545 3.102240 2.975942 2.863110 2.763179 2.782062 2.771087 
TOTAL TIME: 31.254045 s.

Test Path: ../datasets/test_uniform.txt; Filter: SpatialBloomFilterPolicy
FAULT: 0.008536 0.017821 0.0277093 0.0380609 0.0487229 0.0595457 0.0704681 0.0813361 0.0920494 0.102605 
TOTAL FAULT: 0.102605 %
TIME: 5.257364 5.311587 5.319526 5.325643 5.291975 5.261109 5.231821 5.253112 5.183718 5.165483 
TOTAL TIME: 52.601341 s.

K=4
Test Path: ../datasets/test_uniform.txt; Filter: BloomFilterPolicy
FAULT: 0.046863 0.08731 0.123935 0.155984 0.18278 0.204159 0.220466 0.23235 0.240558 0.245708 
TOTAL FAULT: 0.245708 %
TIME: 5.685492 5.676605 5.497588 5.287815 5.102081 4.969454 4.821941 4.747211 4.607854 4.543701 
TOTAL TIME: 50.939747 s.

Test Path: ../datasets/test_uniform.txt; Filter: ShiftingBloomFilterPolicy
FAULT: 0.01842 0.0515303 0.0892901 0.12503 0.155692 0.180522 0.199763 0.214021 0.224196 0.230979 
TOTAL FAULT: 0.230979 %
TIME: 4.398302 4.373696 4.421882 3.991890 3.717818 3.555197 3.422287 3.354546 3.268131 3.229743 
TOTAL TIME: 37.733498 s.

Test Path: ../datasets/test_uniform.txt; Filter: SpatialBloomFilterPolicy
FAULT: 0.0084905 0.0176541 0.0275682 0.0383102 0.0498452 0.0619998 0.0746188 0.0875142 0.100479 0.113456 
TOTAL FAULT: 0.113456 %
TIME: 7.294968 7.634139 7.921515 7.914701 7.932919 7.928029 7.893261 7.869004 7.844479 7.860969 
TOTAL TIME: 78.093987 s.


K=6
Test Path: ../datasets/test_uniform.txt; Filter: BloomFilterPolicy
FAULT: 0.0465465 0.0883887 0.131817 0.173763 0.21021 0.239277 0.260982 0.276226 0.286267 0.292104 
TOTAL FAULT: 0.292104 %
TIME: 7.616261 7.739936 7.529999 7.239715 6.929536 6.677256 6.461717 6.322573 6.233890 6.158192 
TOTAL TIME: 68.909073 s.

Test Path: ../datasets/test_uniform.txt; Filter: ShiftingBloomFilterPolicy
FAULT: 0.0182381 0.0556113 0.10345 0.150848 0.191643 0.223952 0.247986 0.264988 0.27635 0.283244 
TOTAL FAULT: 0.283244 %
TIME: 5.097060 5.101346 4.850395 4.554586 4.317519 4.116295 4.013403 3.937609 3.847817 3.810178 
TOTAL TIME: 43.646214 s.

Test Path: ../datasets/test_uniform.txt; Filter: SpatialBloomFilterPolicy
FAULT: 0.0084838 0.0176606 0.0278996 0.0395779 0.0527218 0.067071 0.0822833 0.098015 0.113884 0.12978 
TOTAL FAULT: 0.129780 %
TIME: 9.828538 10.383599 10.684216 10.886763 10.879000 10.918760 10.993921 11.006169 10.977957 11.125138 
TOTAL TIME: 107.684067 s.


K=8
Test Path: ../datasets/test_uniform.txt; Filter: BloomFilterPolicy
FAULT: 0.0464994 0.0915893 0.145893 0.20078 0.247034 0.281858 0.30609 0.32176 0.33097 0.335313 
TOTAL FAULT: 0.335313 %
TIME: 9.698345 9.881059 9.706112 9.264388 8.643325 8.322968 8.111770 7.954034 7.890613 8.000207 
TOTAL TIME: 87.472832 s.

Test Path: ../datasets/test_uniform.txt; Filter: ShiftingBloomFilterPolicy
FAULT: 0.0184021 0.0618335 0.123157 0.184055 0.234256 0.271623 0.29756 0.314439 0.32456 0.329598 
TOTAL FAULT: 0.329598 %
TIME: 5.917529 6.089381 5.767229 5.284407 5.012832 4.709484 4.608657 4.519093 4.477453 4.511814 
TOTAL TIME: 50.897881 s.

Test Path: ../datasets/test_uniform.txt; Filter: SpatialBloomFilterPolicy
FAULT: 0.008482 0.0177286 0.0285372 0.0416424 0.0569482 0.0738892 0.0918747 0.11036 0.12887 0.14723 
TOTAL FAULT: 0.147230 %
TIME: 12.237042 13.238737 13.585344 13.702343 13.742949 13.818577 13.859681 14.317107 14.741575 15.104900 
TOTAL TIME: 138.348267 s.

K=12
Test Path: ../datasets/test_uniform.txt; Filter: BloomFilterPolicy
FAULT: 0.0468744 0.107277 0.195035 0.274697 0.331267 0.367146 0.388004 0.398599 0.402363 0.40147 
TOTAL FAULT: 0.401470 %
TIME: 13.726700 14.188148 13.451550 12.337048 11.642487 11.323874 11.207103 11.137208 11.138731 11.119918 
TOTAL TIME: 121.272774 s.

Test Path: ../datasets/test_uniform.txt; Filter: ShiftingBloomFilterPolicy
FAULT: 0.0191599 0.0820161 0.177477 0.261765 0.321058 0.358687 0.380753 0.392264 0.396736 0.396405 
TOTAL FAULT: 0.396405 %
TIME: 7.551163 7.537774 7.004921 6.388248 6.058589 5.896437 5.846469 5.802771 5.787591 5.784083 
TOTAL TIME: 63.658051 s.

Test Path: ../datasets/test_uniform.txt; Filter: SpatialBloomFilterPolicy
FAULT: 0.0084845 0.0181434 0.0311867 0.0484811 0.0688556 0.0909149 0.113646 0.136385 0.158642 0.180296 
TOTAL FAULT: 0.180296 %
TIME: 16.902130 18.381582 18.944977 19.999298 20.915054 21.467096 21.756599 20.242359 20.653172 20.621449 
TOTAL TIME: 199.883728 s.


K=14
Test Path: ../datasets/test_uniform.txt; Filter: BloomFilterPolicy
FAULT: 0.0472531 0.119809 0.225648 0.312529 0.368822 0.401779 0.419211 0.426629 0.427639 0.424405 
TOTAL FAULT: 0.424405 %
TIME: 16.001554 16.577015 15.122084 13.905691 13.310501 12.911306 12.804979 12.786241 12.860137 12.811046 
TOTAL TIME: 139.090561 s.

Test Path: ../datasets/test_uniform.txt; Filter: ShiftingBloomFilterPolicy
FAULT: 0.0197928 0.0964623 0.209781 0.300812 0.35949 0.39403 0.412578 0.420827 0.422488 0.419772 
TOTAL FAULT: 0.419772 %
TIME: 8.192608 8.497429 7.774540 7.005425 6.813035 6.575862 6.516649 6.498713 6.530843 6.628006 
TOTAL TIME: 71.033112 s.

Test Path: ../datasets/test_uniform.txt; Filter: SpatialBloomFilterPolicy
FAULT: 0.0084868 0.0184874 0.0330235 0.0525283 0.0751116 0.0991015 0.123436 0.147504 0.170881 0.193485 
TOTAL FAULT: 0.193485 %
TIME: 19.547638 21.108309 22.432920 23.918728 24.732071 25.331642 25.478569 25.390095 24.863201 24.073400 
TOTAL TIME: 236.876572 s.
